============================= test session starts =============================
platform win32 -- Python 3.10.3, pytest-7.4.4, pluggy-1.6.0
rootdir: F:\kasparro-content-generation
plugins: anyio-4.11.0, langsmith-0.5.2, asyncio-0.23.3, cov-4.1.0
asyncio: mode=strict
collected 172 items / 4 errors

<Package tests>
  <Module test_circuit_breaker.py>
    <UnitTestCase TestCircuitBreaker>
      <TestCaseFunction test_error_threshold>
      <TestCaseFunction test_loop_detection>
      <TestCaseFunction test_reset>
  <Module test_cleanup_smoke.py>
    <UnitTestCase TestAgentImplementations>
      <TestCaseFunction test_import>
  <Module test_delegator_identity.py>
    <UnitTestCase TestDelegatorIdentity>
      <TestCaseFunction test_delegator_pass_identity>
  <Module test_emergency.py>
    <Class TestScope>
      <Function test_scope_string>
      <Function test_scope_matches>
    <Class TestAgentPermissions>
      <Function test_has_scope_granted>
      <Function test_has_scope_not_granted>
      <Function test_denied_overrides_grant>
      <Function test_inactive_denies_all>
      <Function test_expired_denies_all>
    <Class TestFineGrainedAuth>
      <Function test_grant_permission>
      <Function test_deny_permission>
      <Function test_filter_data>
    <Class TestBehavioralMonitor>
      <Function test_record_request>
      <Function test_detect_high_request_rate>
      <Function test_detect_unusual_resource>
      <Function test_record_alert>
    <Class TestEmergencyController>
      <Function test_universal_logout>
      <Function test_global_lockdown>
      <Function test_lift_lockdown>
      <Function test_auto_lockdown>
      <Function test_lockdown_log>
  <Module test_evaluation.py>
    <UnitTestCase TestEvaluation>
      <TestCaseFunction test_dataset_lifecycle>
      <TestCaseFunction test_llm_judge>
  <Module test_identity.py>
    <Class TestAgentIdentity>
      <Function test_checksum_deterministic>
      <Function test_checksum_changes_with_config>
    <Class TestSecretVault>
      <Function test_store_and_retrieve>
      <Function test_missing_secret_returns_none>
      <Function test_rotate_secret>
      <Function test_dynamic_secret>
    <Class TestAgenticJWT>
      <Function test_create_and_verify_token>
      <Function test_reject_tampered_token>
      <Function test_reject_modified_agent>
    <Class TestProofOfPossession>
      <Function test_sign_and_verify>
      <Function test_reject_wrong_data>
      <Function test_reject_old_signature>
    <Class TestAgentCredentialManager>
      <Function test_register_agent>
      <Function test_get_identity>
  <Module test_logic_blocks.py>
    <Class TestBenefitsBlock>
      <Function test_extract_benefits_from_list>
      <Function test_extract_benefits_from_ingredients>
      <Function test_generate_benefits_copy_single>
      <Function test_generate_benefits_copy_multiple>
      <Function test_categorize_benefits>
    <Class TestUsageBlock>
      <Function test_extract_usage_direct>
      <Function test_extract_usage_from_category>
      <Function test_format_usage_steps>
      <Function test_timing_recommendation_retinol>
      <Function test_timing_recommendation_vitamin_c>
    <Class TestComparisonBlock>
      <Function test_compare_ingredients>
      <Function test_compare_prices>
      <Function test_determine_winner>
    <Class TestQuestionGenerator>
      <Function test_generate_minimum_questions>
      <Function test_question_categories>
      <Function test_question_structure>
  <Module test_manual_verification.py>
    <UnitTestCase TestVerification>
      <TestCaseFunction test_aql>
      <TestCaseFunction test_mcp_registry>
      <TestCaseFunction test_semantic_memory>
      <TestCaseFunction test_tot_structure>
  <Module test_memory.py>
    <Class TestWorkingMemory>
      <Function test_set_task>
      <Function test_clear>
    <Class TestEpisodicMemory>
      <Function test_add_episode>
      <Function test_get_similar_episodes>
      <Function test_success_rate>
    <Class TestContextCompressor>
      <Function test_no_compression_needed>
      <Function test_compression_applied>
    <Class TestStateSpace>
      <Function test_transition>
      <Function test_invalid_transition>
      <Function test_set_phase>
    <Class TestStateManager>
      <Function test_checkpoint_rollback>
    <Class TestMemorySystem>
      <Function test_start_session>
      <Function test_record_outcome>
  <Module test_reasoning.py>
    <Class TestThoughtStep>
      <Function test_thought_creation>
      <Function test_thought_repr>
    <Class TestReasoningChain>
      <Function test_add_thoughts>
      <Function test_to_log>
    <Class TestReActReasoner>
      <Function test_start_chain>
      <Function test_reason_about_empty_context>
      <Function test_reason_about_complete_context>
    <Class TestTaskDecomposer>
      <Function test_decompose_content_goal>
      <Function test_get_next_executable>
      <Function test_mark_complete_and_progress>
    <Class TestChainOfThought>
      <Function test_generate_reasoning_no_data>
      <Function test_generate_reasoning_with_data>
    <Class TestSelfReflector>
      <Function test_reflect_on_data_agent>
      <Function test_reflect_critical_issue>
      <Function test_reflection_log>
    <Class TestSessionState>
      <Function test_preferences>
      <Function test_interaction_history>
      <Function test_learned_patterns>
      <Function test_variables>
  <Module test_roles.py>
    <Function test_agent_persona_initialization>
    <Function test_hierarchy_enforcement_safe_instruction>
    <Function test_hierarchy_enforcement_unsafe_instruction>
    <Function test_system_priority_override>
  <Module test_safety.py>
    <Class TestGuardrails>
      <Function test_before_model_callback_allows_safe_input>
      <Function test_before_model_callback_blocks_jailbreak_attempt>
      <Function test_before_model_callback_blocks_bypass_attempt>
      <Function test_before_model_callback_blocks_pii>
      <Function test_before_tool_callback_validates_required_params>
      <Function test_before_tool_callback_allows_valid_call>
      <Function test_before_tool_callback_blocks_disallowed_params>
    <Class TestHITLGate>
      <Function test_hitl_auto_approve_mode>
      <Function test_hitl_requires_authorization_for_high_stakes>
      <Function test_hitl_does_not_require_for_normal_actions>
    <Class TestVerifierAgent>
      <Function test_verifier_passes_valid_context>
      <Function test_verifier_fails_missing_product_data>
      <Function test_verifier_catches_harmful_content>
  <Module test_security.py>
    <Class TestInjectionDefense>
      <Function test_clean_input_passes>
      <Function test_detects_instruction_override>
      <Function test_detects_role_hijack>
      <Function test_detects_system_bypass>
      <Function test_detects_dangerous_commands>
      <Function test_detects_sql_injection>
      <Function test_sanitizes_malicious_input>
      <Function test_check_role_hijack>
      <Function test_no_false_positive_for_valid_role>
    <Class TestActionValidator>
      <Function test_universal_actions_allowed>
      <Function test_permitted_action_allowed>
      <Function test_unpermitted_action_blocked>
      <Function test_missing_required_context_blocked>
      <Function test_action_with_context_allowed>
      <Function test_get_permitted_actions>
    <Class TestRoleComplianceChecker>
      <Function test_normal_action_allowed>
      <Function test_forbidden_action_blocked>
      <Function test_detect_scope_creep>
    <Class TestInterAgentAuditor>
      <Function test_valid_handoff_passes>
      <Function test_invalid_handoff_detected>
      <Function test_detect_information_loss>
    <Class TestFailureRecovery>
      <Function test_role_violation_handling>
      <Function test_communication_failure_handling>
  <Module test_templates.py>
    <Class TestFAQTemplate>
      <Function test_render_basic>
      <Function test_render_with_categories>
      <Function test_missing_required_fields>
    <Class TestProductPageTemplate>
      <Function test_render_complete>
      <Function test_render_with_defaults>
      <Function test_missing_required_fields>
    <Class TestComparisonTemplate>
      <Function test_render_basic>
      <Function test_comparison_table_structure>
      <Function test_missing_required_fields>
  <Module test_token_exchange.py>
    <Class TestManagedConnection>
      <Function test_can_access_allowed_agent>
      <Function test_deny_unauthorized_agent>
      <Function test_deny_unauthorized_scope>
      <Function test_wildcard_agent_access>
      <Function test_inactive_connection_denied>
    <Class TestTokenExchangeService>
      <Function test_register_connection>
      <Function test_exchange_token_success>
      <Function test_exchange_token_unauthorized>
      <Function test_exchange_log>
    <Class TestAPIShim>
      <Function test_execute_request>
      <Function test_request_log>
    <Class TestSecureAPIClient>
      <Function test_request>
  <Module test_tool_identity.py>
    <UnitTestCase TestToolIdentity>
      <TestCaseFunction test_faq_tool_identity_pass>
      <TestCaseFunction test_generic_tool_args>
  <Module test_tools.py>
    <Class TestRoleBasedAccess>
      <Function test_benefits_worker_has_limited_access>
      <Function test_delegator_has_full_access>
      <Function test_verifier_has_no_tools>
      <Function test_access_log_tracks_denials>
    <Class TestGracefulErrorHandling>
      <Function test_missing_input_returns_error>
      <Function test_wrong_type_returns_error>
      <Function test_valid_input_succeeds>
    <Class TestSimplifiedDefinitions>
      <Function test_tool_has_clear_name>
      <Function test_tool_has_description>
      <Function test_tool_docstring_documents_interface>
    <Class TestToolRegistry>
      <Function test_list_tools_respects_role>
      <Function test_list_all_tools_ignores_role>
      <Function test_find_by_goal_respects_role>
  <Module test_tracing.py>
    <Function test_singleton_tracer>
    <Function test_trace_lifecycle>
    <Function test_agent_tracing>
    <Function test_tool_tracing>

=================================== ERRORS ====================================
______________________ ERROR collecting test_output.txt _______________________
C:\Users\sarva\AppData\Local\Programs\Python\Python310\lib\pathlib.py:1133: in read_text
    return f.read()
C:\Users\sarva\AppData\Local\Programs\Python\Python310\lib\codecs.py:322: in decode
    (result, consumed) = self._buffer_decode(data, self.errors, final)
E   UnicodeDecodeError: 'utf-8' codec can't decode byte 0xff in position 0: invalid start byte
_________________ ERROR collecting tests/test_dynamic_flow.py _________________
ImportError while importing test module 'F:\kasparro-content-generation\tests\test_dynamic_flow.py'.
Hint: make sure your test modules/packages have valid Python names.
Traceback:
C:\Users\sarva\AppData\Local\Programs\Python\Python310\lib\importlib\__init__.py:126: in import_module
    return _bootstrap._gcd_import(name[level:], package, level)
tests\test_dynamic_flow.py:8: in <module>
    from skincare_agent_system.actors.agent_implementations import (
E   ImportError: cannot import name 'AnalysisAgent' from 'skincare_agent_system.actors.agent_implementations' (F:\kasparro-content-generation\skincare_agent_system\actors\agent_implementations.py)
__________________ ERROR collecting tests/test_proposals.py ___________________
ImportError while importing test module 'F:\kasparro-content-generation\tests\test_proposals.py'.
Hint: make sure your test modules/packages have valid Python names.
Traceback:
C:\Users\sarva\AppData\Local\Programs\Python\Python310\lib\importlib\__init__.py:126: in import_module
    return _bootstrap._gcd_import(name[level:], package, level)
tests\test_proposals.py:18: in <module>
    from skincare_agent_system.actors.agent_implementations import (
E   ImportError: cannot import name 'AnalysisAgent' from 'skincare_agent_system.actors.agent_implementations' (F:\kasparro-content-generation\skincare_agent_system\actors\agent_implementations.py)
__________________ ERROR collecting tests/test_retry_loop.py __________________
ImportError while importing test module 'F:\kasparro-content-generation\tests\test_retry_loop.py'.
Hint: make sure your test modules/packages have valid Python names.
Traceback:
C:\Users\sarva\AppData\Local\Programs\Python\Python310\lib\importlib\__init__.py:126: in import_module
    return _bootstrap._gcd_import(name[level:], package, level)
tests\test_retry_loop.py:11: in <module>
    from skincare_agent_system.actors.agent_implementations import (  # noqa: E402
E   ImportError: cannot import name 'AnalysisAgent' from 'skincare_agent_system.actors.agent_implementations' (F:\kasparro-content-generation\skincare_agent_system\actors\agent_implementations.py)
=========================== short test summary info ===========================
ERROR test_output.txt - UnicodeDecodeError: 'utf-8' codec can't decode byte 0...
ERROR tests/test_dynamic_flow.py
ERROR tests/test_proposals.py
ERROR tests/test_retry_loop.py
!!!!!!!!!!!!!!!!!!! Interrupted: 4 errors during collection !!!!!!!!!!!!!!!!!!!
=================== 172 tests collected, 4 errors in 2.98s ====================
